// Jest Snapshot v1, https://goo.gl/fbAQLP

exports[`PoliciesPage ToolBarIcons test should render 1`] = `
.c1 {
  display: -webkit-box;
  display: -webkit-flex;
  display: -ms-flexbox;
  display: flex;
  -webkit-flex-direction: row;
  -ms-flex-direction: row;
  flex-direction: row;
  -webkit-box-pack: start;
  -webkit-justify-content: start;
  -ms-flex-pack: start;
  justify-content: start;
  -webkit-align-items: center;
  -webkit-box-align: center;
  -ms-flex-align: center;
  align-items: center;
  margin-left: -5px;
}

.c1 > * {
  display: -webkit-inline-box;
  display: -webkit-inline-flex;
  display: -ms-inline-flexbox;
  display: inline-flex;
}

.c1 > * {
  margin-left: 5px;
}

.c0 {
  display: -webkit-box;
  display: -webkit-flex;
  display: -ms-flexbox;
  display: flex;
  -webkit-flex-direction: row;
  -ms-flex-direction: row;
  flex-direction: row;
  -webkit-box-pack: start;
  -webkit-justify-content: start;
  -ms-flex-pack: start;
  justify-content: start;
  -webkit-align-items: center;
  -webkit-box-align: center;
  -ms-flex-align: center;
  align-items: center;
  display: -webkit-inline-box;
  display: -webkit-inline-flex;
  display: -ms-inline-flexbox;
  display: inline-flex;
}

.c3 {
  cursor: pointer;
}

.c2 {
  height: 16px;
  width: 16px;
  line-height: 16px;
}

.c2 * {
  height: inherit;
  width: inherit;
}

@media print {
  .c3 {
    display: none;
  }
}

<div
  class="c0"
>
  <div
    class="c1"
    margin="5px"
  >
    <span
      class="c2 c3"
      data-testid="svg-icon"
      title="New Policy"
    >
      <svg>
        new.svg
      </svg>
    </span>
    <span
      class="c2 c3"
      data-testid="svg-icon"
      title="Import Policy"
    >
      <svg>
        upload.svg
      </svg>
    </span>
  </div>
</div>
`;

exports[`PoliciesPage tests should render full PoliciesPage 1`] = `
.c0 {
  display: -webkit-box;
  display: -webkit-flex;
  display: -ms-flexbox;
  display: flex;
  -webkit-flex-direction: column;
  -ms-flex-direction: column;
  flex-direction: column;
  -webkit-box-flex: 1;
  -webkit-flex-grow: 1;
  -ms-flex-positive: 1;
  flex-grow: 1;
  -webkit-box-pack: center;
  -webkit-justify-content: center;
  -ms-flex-pack: center;
  justify-content: center;
  -webkit-align-items: stretch;
  -webkit-box-align: stretch;
  -ms-flex-align: stretch;
  align-items: stretch;
}

.c1 {
  display: -webkit-box;
  display: -webkit-flex;
  display: -ms-flexbox;
  display: flex;
  -webkit-flex-direction: row;
  -ms-flex-direction: row;
  flex-direction: row;
  -webkit-box-pack: justify;
  -webkit-justify-content: space-between;
  -ms-flex-pack: justify;
  justify-content: space-between;
  -webkit-align-items: flex-start;
  -webkit-box-align: flex-start;
  -ms-flex-align: flex-start;
  align-items: flex-start;
}

.c6 {
  display: -webkit-box;
  display: -webkit-flex;
  display: -ms-flexbox;
  display: flex;
  -webkit-flex-direction: row;
  -ms-flex-direction: row;
  flex-direction: row;
  -webkit-box-flex: 1;
  -webkit-flex-grow: 1;
  -ms-flex-positive: 1;
  flex-grow: 1;
  -webkit-box-pack: end;
  -webkit-justify-content: flex-end;
  -ms-flex-pack: end;
  justify-content: flex-end;
}

.c7 {
  display: -webkit-box;
  display: -webkit-flex;
  display: -ms-flexbox;
  display: flex;
  -webkit-flex-direction: column;
  -ms-flex-direction: column;
  flex-direction: column;
  -webkit-box-pack: start;
  -webkit-justify-content: flex-start;
  -ms-flex-pack: start;
  justify-content: flex-start;
  -webkit-align-items: stetch;
  -webkit-box-align: stetch;
  -ms-flex-align: stetch;
  align-items: stetch;
}

.c8 {
  display: -webkit-box;
  display: -webkit-flex;
  display: -ms-flexbox;
  display: flex;
  -webkit-flex-direction: row;
  -ms-flex-direction: row;
  flex-direction: row;
  -webkit-box-pack: justify;
  -webkit-justify-content: space-between;
  -ms-flex-pack: justify;
  justify-content: space-between;
  -webkit-align-items: center;
  -webkit-box-align: center;
  -ms-flex-align: center;
  align-items: center;
}

.c11 {
  display: -webkit-box;
  display: -webkit-flex;
  display: -ms-flexbox;
  display: flex;
  -webkit-flex-direction: row;
  -ms-flex-direction: row;
  flex-direction: row;
  -webkit-box-pack: start;
  -webkit-justify-content: flex-start;
  -ms-flex-pack: start;
  justify-content: flex-start;
  -webkit-align-items: center;
  -webkit-box-align: center;
  -ms-flex-align: center;
  align-items: center;
}

.c18 {
  display: -webkit-box;
  display: -webkit-flex;
  display: -ms-flexbox;
  display: flex;
  -webkit-flex-direction: row;
  -ms-flex-direction: row;
  flex-direction: row;
  -webkit-box-pack: center;
  -webkit-justify-content: center;
  -ms-flex-pack: center;
  justify-content: center;
  -webkit-align-items: center;
  -webkit-box-align: center;
  -ms-flex-align: center;
  align-items: center;
}

.c3 {
  display: -webkit-box;
  display: -webkit-flex;
  display: -ms-flexbox;
  display: flex;
  -webkit-flex-direction: row;
  -ms-flex-direction: row;
  flex-direction: row;
  -webkit-box-pack: start;
  -webkit-justify-content: start;
  -ms-flex-pack: start;
  justify-content: start;
  -webkit-align-items: center;
  -webkit-box-align: center;
  -ms-flex-align: center;
  align-items: center;
  margin-left: -5px;
}

.c3 > * {
  display: -webkit-inline-box;
  display: -webkit-inline-flex;
  display: -ms-inline-flexbox;
  display: inline-flex;
}

.c3 > * {
  margin-left: 5px;
}

.c10 {
  display: -webkit-box;
  display: -webkit-flex;
  display: -ms-flexbox;
  display: flex;
  -webkit-flex-direction: row;
  -ms-flex-direction: row;
  flex-direction: row;
  -webkit-box-pack: start;
  -webkit-justify-content: flex-start;
  -ms-flex-pack: start;
  justify-content: flex-start;
  -webkit-align-items: center;
  -webkit-box-align: center;
  -ms-flex-align: center;
  align-items: center;
  margin-left: -5px;
}

.c10 > * {
  display: -webkit-inline-box;
  display: -webkit-inline-flex;
  display: -ms-inline-flexbox;
  display: inline-flex;
}

.c10 > * {
  margin-left: 5px;
}

.c2 {
  display: -webkit-box;
  display: -webkit-flex;
  display: -ms-flexbox;
  display: flex;
  -webkit-flex-direction: row;
  -ms-flex-direction: row;
  flex-direction: row;
  -webkit-box-pack: start;
  -webkit-justify-content: start;
  -ms-flex-pack: start;
  justify-content: start;
  -webkit-align-items: center;
  -webkit-box-align: center;
  -ms-flex-align: center;
  align-items: center;
  display: -webkit-inline-box;
  display: -webkit-inline-flex;
  display: -ms-inline-flexbox;
  display: inline-flex;
}

.c5 {
  cursor: pointer;
}

.c4 {
  height: 16px;
  width: 16px;
  line-height: 16px;
}

.c4 * {
  height: inherit;
  width: inherit;
}

.c25 {
  height: 50px;
  width: 50px;
  line-height: 50px;
}

.c25 * {
  height: inherit;
  width: inherit;
}

.c28 {
  width: 80px;
  height: 80px;
  margin: 40px auto;
  background-image: url(greenbone.svg);
  background-size: 90%;
  background-position: center;
  background-repeat: no-repeat;
  -webkit-animation: fSFzYT 2s infinite ease-in-out;
  animation: fSFzYT 2s infinite ease-in-out;
}

.c27 {
  display: -webkit-box;
  display: -webkit-flex;
  display: -ms-flexbox;
  display: flex;
  -webkit-flex-direction: row;
  -ms-flex-direction: row;
  flex-direction: row;
  -webkit-box-pack: center;
  -webkit-justify-content: center;
  -ms-flex-pack: center;
  justify-content: center;
  -webkit-align-items: center;
  -webkit-box-align: center;
  -ms-flex-align: center;
  align-items: center;
  width: 100%;
}

.c21 {
  display: -webkit-box;
  display: -webkit-flex;
  display: -ms-flexbox;
  display: flex;
  -webkit-flex-direction: row;
  -ms-flex-direction: row;
  flex-direction: row;
  -webkit-box-pack: justify;
  -webkit-justify-content: space-between;
  -ms-flex-pack: justify;
  justify-content: space-between;
  -webkit-align-items: flex-end;
  -webkit-box-align: flex-end;
  -ms-flex-align: flex-end;
  align-items: flex-end;
  margin: 10px 0px;
  padding-bottom: 1px;
  border-bottom: 2px solid #c8d3d9;
  position: relative;
}

.c23 {
  margin: 0 0 1px 0;
}

.c22 {
  display: -webkit-box;
  display: -webkit-flex;
  display: -ms-flexbox;
  display: flex;
  -webkit-flex-direction: row;
  -ms-flex-direction: row;
  flex-direction: row;
  -webkit-box-pack: start;
  -webkit-justify-content: flex-start;
  -ms-flex-pack: start;
  justify-content: flex-start;
  -webkit-align-items: stretch;
  -webkit-box-align: stretch;
  -ms-flex-align: stretch;
  align-items: stretch;
}

.c24 {
  display: -webkit-box;
  display: -webkit-flex;
  display: -ms-flexbox;
  display: flex;
  -webkit-flex-direction: row;
  -ms-flex-direction: row;
  flex-direction: row;
  -webkit-box-pack: start;
  -webkit-justify-content: flex-start;
  -ms-flex-pack: start;
  justify-content: flex-start;
  -webkit-align-items: flex-end;
  -webkit-box-align: flex-end;
  -ms-flex-align: flex-end;
  align-items: flex-end;
  margin-right: 5px;
}

.c26 {
  display: -webkit-box;
  display: -webkit-flex;
  display: -ms-flexbox;
  display: flex;
  -webkit-flex-direction: row;
  -ms-flex-direction: row;
  flex-direction: row;
  -webkit-box-pack: start;
  -webkit-justify-content: flex-start;
  -ms-flex-pack: start;
  justify-content: flex-start;
  -webkit-align-items: flex-end;
  -webkit-box-align: flex-end;
  -ms-flex-align: flex-end;
  align-items: flex-end;
  word-break: break-all;
  min-width: 100px;
}

.c20 {
  background-color: transparent;
  border: none;
  cursor: pointer;
  display: -webkit-box;
  display: -webkit-flex;
  display: -ms-flexbox;
  display: flex;
  -webkit-align-items: center;
  -webkit-box-align: center;
  -ms-flex-align: center;
  align-items: center;
  -webkit-box-pack: center;
  -webkit-justify-content: center;
  -ms-flex-pack: center;
  justify-content: center;
  outline: none;
  margin: 1px;
  -webkit-user-select: none;
  -moz-user-select: none;
  -ms-user-select: none;
  user-select: none;
  cursor: pointer;
}

.c19 {
  height: 16px;
  width: 16px;
  line-height: 16px;
}

.c19 * {
  height: inherit;
  width: inherit;
}

.c16 {
  border: 1px solid #aaaaaa;
  border-radius: 2px;
  display: -webkit-box;
  display: -webkit-flex;
  display: -ms-flexbox;
  display: flex;
  -webkit-flex-direction: row;
  -ms-flex-direction: row;
  flex-direction: row;
  -webkit-align-items: stretch;
  -webkit-box-align: stretch;
  -ms-flex-align: stretch;
  align-items: stretch;
  -webkit-box-flex: 1;
  -webkit-flex-grow: 1;
  -ms-flex-positive: 1;
  flex-grow: 1;
  padding: 1px 5px;
  background-color: #fff;
  color: #000;
  font-weight: normal;
}

.c15 {
  display: -webkit-box;
  display: -webkit-flex;
  display: -ms-flexbox;
  display: flex;
  -webkit-flex-direction: column;
  -ms-flex-direction: column;
  flex-direction: column;
  position: relative;
  width: 150px;
}

.c17 {
  display: -webkit-box;
  display: -webkit-flex;
  display: -ms-flexbox;
  display: flex;
  -webkit-align-items: center;
  -webkit-box-align: center;
  -ms-flex-align: center;
  align-items: center;
  -webkit-box-flex: 1;
  -webkit-flex-grow: 1;
  -ms-flex-positive: 1;
  flex-grow: 1;
  word-break: keep-all;
  white-space: nowrap;
  overflow: hidden;
  cursor: pointer;
  cursor: default;
}

.c14 {
  font-family: inherit;
  font-size: inherit;
  line-height: inherit;
  display: block;
  height: 22px;
  color: #393637;
  background-color: #fff;
  background-image: none;
  border: 1px solid #aaaaaa;
  border-radius: 2px;
  padding: 1px 8px;
}

.c14:-webkit-autofill {
  box-shadow: 0 0 0 1000px white inset;
}

.c13 {
  display: -webkit-box;
  display: -webkit-flex;
  display: -ms-flexbox;
  display: flex;
  -webkit-flex-direction: row;
  -ms-flex-direction: row;
  flex-direction: row;
  -webkit-box-pack: start;
  -webkit-justify-content: start;
  -ms-flex-pack: start;
  justify-content: start;
  -webkit-align-items: center;
  -webkit-box-align: center;
  -ms-flex-align: center;
  align-items: center;
}

.c12 {
  margin-right: 5px;
}

.c9 {
  margin-right: 5px;
}

@media print {
  .c5 {
    display: none;
  }
}

<body>
  <div
    id="portals"
  />
  <div>
    <div
      class="c0"
    >
      <div
        class="toolbar c1"
      >
        <div
          class="c2"
        >
          <div
            class="c3"
            margin="5px"
          >
            <span
              class="c4 c5"
              data-testid="svg-icon"
              title="New Policy"
            >
              <svg>
                new.svg
              </svg>
            </span>
            <span
              class="c4 c5"
              data-testid="svg-icon"
              title="Import Policy"
            >
              <svg>
                upload.svg
              </svg>
            </span>
          </div>
        </div>
        <div
          class="c6"
        >
          <div
            class="powerfilter c7"
          >
            <div
              class="c8"
            >
              <div
                class="c2"
              >
                <div
                  class="c9 c10"
                  margin="5px"
                >
                  <div
                    class="c11"
                  >
                    <label
                      class="c12"
                    >
                      <b>
                        Filter
                      </b>
                    </label>
                    <input
                      class="c13 c14"
                      maxlength="1000"
                      name="userFilterString"
                      size="53"
                      type="text"
                      value=""
                    />
                  </div>
                  <div
                    class="c2"
                  >
                    <div
                      class="c10"
                      margin="5px"
                    >
                      <span
                        class="c4 c5"
                        data-testid="svg-icon"
                        title="Update Filter"
                      >
                        <svg>
                          refresh.svg
                        </svg>
                      </span>
                      <span
                        class="c4 c5"
                        data-testid="svg-icon"
                        title="Remove Filter"
                      >
                        <svg>
                          delete.svg
                        </svg>
                      </span>
                      <span
                        class="c4 c5"
                        data-testid="svg-icon"
                        title="Reset to Default Filter"
                      >
                        <svg>
                          reset.svg
                        </svg>
                      </span>
                      <a
                        href="test/en/web-interface.html#filtering-the-page-content"
                        rel="noopener noreferrer"
                        target="_blank"
                      >
                        <span
                          class="c4 "
                          data-testid="svg-icon"
                          title="Help: Powerfilter"
                        >
                          <svg>
                            help.svg
                          </svg>
                        </span>
                      </a>
                    </div>
                  </div>
                </div>
              </div>
              <div
                aria-expanded="false"
                aria-haspopup="listbox"
                aria-labelledby="downshift-0-label"
                class="c15"
                role="combobox"
                width="150px"
              >
                <div
                  class="c16"
                  title="Loaded filter"
                >
                  <div
                    class="c17"
                    data-testid="select-selected-value"
                    title="Loaded filter"
                  >
                    --
                  </div>
                  <div
                    class="c18"
                  >
                    <span
                      aria-haspopup="true"
                      aria-label="open menu"
                      class="c19 c20"
                      data-testid="select-open-button"
                      data-toggle="true"
                      role="button"
                      type="button"
                    >
                      ▼
                    </span>
                  </div>
                </div>
              </div>
            </div>
          </div>
        </div>
      </div>
      <section
        class="entities-section"
      >
        <div
          class="section-header c21"
        >
          <h2
            class="c22 c23"
          >
            <div
              class="c24"
            >
              <span
                class="c25 "
                data-testid="svg-icon"
              >
                <svg>
                  policy.svg
                </svg>
              </span>
            </div>
            <div
              class="c26"
            >
              Policies
            </div>
          </h2>
          <div
            class="c8"
          />
        </div>
        <div
          class="c0"
        >
          <div
            class="c27"
          >
            <div
              class="c28"
            />
          </div>
        </div>
      </section>
    </div>
    <a
      aria-hidden="true"
      style="display: none;"
    >
      Download
    </a>
  </div>
</body>
`;
