// Jest Snapshot v1, https://goo.gl/fbAQLP

exports[`NewNoteIcon component tests should render 1`] = `
.c1 {
  cursor: pointer;
}

.c0 {
  height: 16px;
  width: 16px;
  line-height: 16px;
}

.c0 * {
  height: inherit;
  width: inherit;
}

@media print {
  .c1 {
    display: none;
  }
}

<span
  class="c0 c1"
  data-testid="svg-icon"
>
  <svg>
    new_note.svg
  </svg>
</span>
`;
