// Jest Snapshot v1, https://goo.gl/fbAQLP

exports[`CvssCalculator page tests Should render with default values 1`] = `
.c0 {
  display: -webkit-box;
  display: -webkit-flex;
  display: -ms-flexbox;
  display: flex;
  -webkit-flex-direction: column;
  -ms-flex-direction: column;
  flex-direction: column;
  -webkit-box-pack: center;
  -webkit-justify-content: center;
  -ms-flex-pack: center;
  justify-content: center;
  -webkit-align-items: stretch;
  -webkit-box-align: stretch;
  -ms-flex-align: stretch;
  align-items: stretch;
}

.c3 {
  display: -webkit-box;
  display: -webkit-flex;
  display: -ms-flexbox;
  display: flex;
  -webkit-flex-direction: row;
  -ms-flex-direction: row;
  flex-direction: row;
  -webkit-box-pack: justify;
  -webkit-justify-content: space-between;
  -ms-flex-pack: justify;
  justify-content: space-between;
  -webkit-align-items: flex-end;
  -webkit-box-align: flex-end;
  -ms-flex-align: flex-end;
  align-items: flex-end;
}

.c7 {
  display: -webkit-box;
  display: -webkit-flex;
  display: -ms-flexbox;
  display: flex;
  -webkit-flex-direction: row;
  -ms-flex-direction: row;
  flex-direction: row;
  -webkit-box-pack: start;
  -webkit-justify-content: flex-start;
  -ms-flex-pack: start;
  justify-content: flex-start;
  -webkit-align-items: flex-end;
  -webkit-box-align: flex-end;
  -ms-flex-align: flex-end;
  align-items: flex-end;
}

.c9 {
  display: -webkit-box;
  display: -webkit-flex;
  display: -ms-flexbox;
  display: flex;
  -webkit-flex-direction: row;
  -ms-flex-direction: row;
  flex-direction: row;
  -webkit-box-pack: justify;
  -webkit-justify-content: space-between;
  -ms-flex-pack: justify;
  justify-content: space-between;
  -webkit-align-items: center;
  -webkit-box-align: center;
  -ms-flex-align: center;
  align-items: center;
}

.c13 {
  display: -webkit-box;
  display: -webkit-flex;
  display: -ms-flexbox;
  display: flex;
  -webkit-flex-direction: row;
  -ms-flex-direction: row;
  flex-direction: row;
  -webkit-box-pack: start;
  -webkit-justify-content: start;
  -ms-flex-pack: start;
  justify-content: start;
  -webkit-align-items: center;
  -webkit-box-align: center;
  -ms-flex-align: center;
  align-items: center;
}

.c17 {
  display: -webkit-box;
  display: -webkit-flex;
  display: -ms-flexbox;
  display: flex;
  -webkit-flex-direction: row;
  -ms-flex-direction: row;
  flex-direction: row;
  -webkit-box-pack: center;
  -webkit-justify-content: center;
  -ms-flex-pack: center;
  justify-content: center;
  -webkit-align-items: center;
  -webkit-box-align: center;
  -ms-flex-align: center;
  align-items: center;
}

.c1 {
  height: 16px;
  width: 16px;
  line-height: 16px;
}

.c1 * {
  height: inherit;
  width: inherit;
}

.c8 {
  height: 50px;
  width: 50px;
  line-height: 50px;
}

.c8 * {
  height: inherit;
  width: inherit;
}

.c2 {
  margin: 10px 0px;
  padding-bottom: 1px;
  border-bottom: 2px solid #c8d3d9;
  position: relative;
}

.c5 {
  margin: 0 0 1px 0;
}

.c4 {
  display: -webkit-box;
  display: -webkit-flex;
  display: -ms-flexbox;
  display: flex;
  -webkit-flex-direction: row;
  -ms-flex-direction: row;
  flex-direction: row;
  -webkit-box-pack: start;
  -webkit-justify-content: flex-start;
  -ms-flex-pack: start;
  justify-content: flex-start;
  -webkit-align-items: stretch;
  -webkit-box-align: stretch;
  -ms-flex-align: stretch;
  align-items: stretch;
}

.c6 {
  margin-right: 5px;
}

.c10 {
  display: -webkit-box;
  display: -webkit-flex;
  display: -ms-flexbox;
  display: flex;
  -webkit-align-items: center;
  -webkit-box-align: center;
  -ms-flex-align: center;
  align-items: center;
  -webkit-box-pack: start;
  -webkit-justify-content: start;
  -ms-flex-pack: start;
  justify-content: start;
  padding-bottom: 10px;
}

.c11 {
  display: inline-block;
  max-width: 100%;
  font-weight: bold;
  text-align: right;
  padding-left: 10px;
  padding-right: 10px;
  width: 16.66666667%;
  margin-left: 0;
}

.c12 {
  width: 83.33333333%;
  padding-left: 10px;
  padding-right: 10px;
}

.c19 {
  background-color: transparent;
  border: none;
  cursor: pointer;
  display: -webkit-box;
  display: -webkit-flex;
  display: -ms-flexbox;
  display: flex;
  -webkit-align-items: center;
  -webkit-box-align: center;
  -ms-flex-align: center;
  align-items: center;
  -webkit-box-pack: center;
  -webkit-justify-content: center;
  -ms-flex-pack: center;
  justify-content: center;
  outline: none;
  margin: 1px;
  -webkit-user-select: none;
  -moz-user-select: none;
  -ms-user-select: none;
  user-select: none;
  cursor: pointer;
}

.c18 {
  height: 16px;
  width: 16px;
  line-height: 16px;
}

.c18 * {
  height: inherit;
  width: inherit;
}

.c15 {
  border: 1px solid #aaaaaa;
  border-radius: 2px;
  display: -webkit-box;
  display: -webkit-flex;
  display: -ms-flexbox;
  display: flex;
  -webkit-flex-direction: row;
  -ms-flex-direction: row;
  flex-direction: row;
  -webkit-align-items: stretch;
  -webkit-box-align: stretch;
  -ms-flex-align: stretch;
  align-items: stretch;
  -webkit-box-flex: 1;
  -webkit-flex-grow: 1;
  -ms-flex-positive: 1;
  flex-grow: 1;
  padding: 1px 5px;
  background-color: #fff;
  color: #000;
  font-weight: normal;
}

.c14 {
  display: -webkit-box;
  display: -webkit-flex;
  display: -ms-flexbox;
  display: flex;
  -webkit-flex-direction: column;
  -ms-flex-direction: column;
  flex-direction: column;
  position: relative;
  width: 180px;
}

.c16 {
  display: -webkit-box;
  display: -webkit-flex;
  display: -ms-flexbox;
  display: flex;
  -webkit-align-items: center;
  -webkit-box-align: center;
  -ms-flex-align: center;
  align-items: center;
  -webkit-box-flex: 1;
  -webkit-flex-grow: 1;
  -ms-flex-positive: 1;
  flex-grow: 1;
  word-break: keep-all;
  white-space: nowrap;
  overflow: hidden;
  cursor: pointer;
}

.c22 {
  font-family: inherit;
  font-size: inherit;
  line-height: inherit;
  display: block;
  height: 22px;
  color: #393637;
  background-color: #fff;
  background-image: none;
  border: 1px solid #aaaaaa;
  border-radius: 2px;
  padding: 1px 8px;
}

.c22:-webkit-autofill {
  box-shadow: 0 0 0 1000px white inset;
}

.c21 {
  display: -webkit-box;
  display: -webkit-flex;
  display: -ms-flexbox;
  display: flex;
  -webkit-flex-direction: row;
  -ms-flex-direction: row;
  flex-direction: row;
  -webkit-box-pack: start;
  -webkit-justify-content: start;
  -ms-flex-pack: start;
  justify-content: start;
  -webkit-align-items: center;
  -webkit-box-align: center;
  -ms-flex-align: center;
  align-items: center;
}

.c23 {
  height: 13px;
  box-sizing: content-box;
  display: inline-block;
  width: 100px;
  background: #393637;
  vertical-align: middle;
  text-align: center;
}

.c25 {
  z-index: 1;
  font-weight: bold;
  color: #fff;
  font-size: 9px;
  margin: 0;
  position: relative;
  top: -13px;
  padding-top: 1px;
}

.c24 {
  height: 13px;
  width: 0%;
  background: gray;
}

.c20 {
  width: 180px;
}

@media print {
  .c23 {
    background: none;
    border: 0;
  }
}

@media print {
  .c25 {
    color: black;
  }
}

@media print {
  .c24 {
    background: none;
  }
}

<div
  class="c0"
>
  <a
    href="http://docs.greenbone.net/GSM-Manual/gos-5/en/managing-secinfo.html#cvss"
    rel="noopener noreferrer"
    target="_blank"
  >
    <span
      class="c1 "
      title="Help: CVSS Base Score Calculator"
    >
      <svg>
        help.svg
      </svg>
    </span>
  </a>
  <section>
    <div
      class="section-header c2 c3"
    >
      <h2
        class="c4 c5"
      >
        <div
          class="c6 c7"
        >
          <span
            class="c8 "
          >
            <svg>
              cvss_calculator.svg
            </svg>
          </span>
        </div>
        <div
          class="c7"
        >
          CVSSv2 Base Score Calculator
        </div>
      </h2>
      <div
        class="c9"
      />
    </div>
  </section>
  <h3>
    From Metrics
    :
  </h3>
  <div
    class="c10"
  >
    <label
      class="c11"
      data-testid="formgroup-title"
    >
      Access Vector
    </label>
    <div
      class="c12 c13"
      data-testid="formgroup-content"
      size="10"
    >
      <div
        class="c14"
        width="180px"
      >
        <div
          aria-expanded="false"
          aria-haspopup="true"
          aria-label="open menu"
          class="c15"
          data-toggle="true"
          role="button"
          type="button"
        >
          <div
            class="c16"
            data-testid="select-selected-value"
            title="Local"
          >
            Local
          </div>
          <div
            class="c17"
          >
            <span
              class="c18 c19"
              data-testid="select-open-button"
            >
              ▼
            </span>
          </div>
        </div>
      </div>
    </div>
  </div>
  <div
    class="c10"
  >
    <label
      class="c11"
      data-testid="formgroup-title"
    >
      Access Complexity
    </label>
    <div
      class="c12 c13"
      data-testid="formgroup-content"
      size="10"
    >
      <div
        class="c14"
        width="180px"
      >
        <div
          aria-expanded="false"
          aria-haspopup="true"
          aria-label="open menu"
          class="c15"
          data-toggle="true"
          role="button"
          type="button"
        >
          <div
            class="c16"
            data-testid="select-selected-value"
            title="Low"
          >
            Low
          </div>
          <div
            class="c17"
          >
            <span
              class="c18 c19"
              data-testid="select-open-button"
            >
              ▼
            </span>
          </div>
        </div>
      </div>
    </div>
  </div>
  <div
    class="c10"
  >
    <label
      class="c11"
      data-testid="formgroup-title"
    >
      Authentication
    </label>
    <div
      class="c12 c13"
      data-testid="formgroup-content"
      size="10"
    >
      <div
        class="c14"
        width="180px"
      >
        <div
          aria-expanded="false"
          aria-haspopup="true"
          aria-label="open menu"
          class="c15"
          data-toggle="true"
          role="button"
          type="button"
        >
          <div
            class="c16"
            data-testid="select-selected-value"
            title="None"
          >
            None
          </div>
          <div
            class="c17"
          >
            <span
              class="c18 c19"
              data-testid="select-open-button"
            >
              ▼
            </span>
          </div>
        </div>
      </div>
    </div>
  </div>
  <div
    class="c10"
  >
    <label
      class="c11"
      data-testid="formgroup-title"
    >
      Confidentiality
    </label>
    <div
      class="c12 c13"
      data-testid="formgroup-content"
      size="10"
    >
      <div
        class="c14"
        width="180px"
      >
        <div
          aria-expanded="false"
          aria-haspopup="true"
          aria-label="open menu"
          class="c15"
          data-toggle="true"
          role="button"
          type="button"
        >
          <div
            class="c16"
            data-testid="select-selected-value"
            title="None"
          >
            None
          </div>
          <div
            class="c17"
          >
            <span
              class="c18 c19"
              data-testid="select-open-button"
            >
              ▼
            </span>
          </div>
        </div>
      </div>
    </div>
  </div>
  <div
    class="c10"
  >
    <label
      class="c11"
      data-testid="formgroup-title"
    >
      Integrity
    </label>
    <div
      class="c12 c13"
      data-testid="formgroup-content"
      size="10"
    >
      <div
        class="c14"
        width="180px"
      >
        <div
          aria-expanded="false"
          aria-haspopup="true"
          aria-label="open menu"
          class="c15"
          data-toggle="true"
          role="button"
          type="button"
        >
          <div
            class="c16"
            data-testid="select-selected-value"
            title="None"
          >
            None
          </div>
          <div
            class="c17"
          >
            <span
              class="c18 c19"
              data-testid="select-open-button"
            >
              ▼
            </span>
          </div>
        </div>
      </div>
    </div>
  </div>
  <div
    class="c10"
  >
    <label
      class="c11"
      data-testid="formgroup-title"
    >
      Availability
    </label>
    <div
      class="c12 c13"
      data-testid="formgroup-content"
      size="10"
    >
      <div
        class="c14"
        width="180px"
      >
        <div
          aria-expanded="false"
          aria-haspopup="true"
          aria-label="open menu"
          class="c15"
          data-toggle="true"
          role="button"
          type="button"
        >
          <div
            class="c16"
            data-testid="select-selected-value"
            title="None"
          >
            None
          </div>
          <div
            class="c17"
          >
            <span
              class="c18 c19"
              data-testid="select-open-button"
            >
              ▼
            </span>
          </div>
        </div>
      </div>
    </div>
  </div>
  <h3>
    From Vector
    :
  </h3>
  <div
    class="c10"
  >
    <label
      class="c11"
      data-testid="formgroup-title"
    >
      Vector
    </label>
    <div
      class="c12 c13"
      data-testid="formgroup-content"
      size="10"
    >
      <input
        class="c20 c21 c22"
        name="userVector"
        type="text"
        value="AV:L/AC:L/Au:N/C:N/I:N/A:N"
      />
    </div>
  </div>
  <h3>
    Results
    :
  </h3>
  <div
    class="c10"
  >
    <label
      class="c11"
      data-testid="formgroup-title"
    >
      CVSS Base Vector
    </label>
    <div
      class="c12 c13"
      data-testid="formgroup-content"
      size="10"
    >
      <span>
        AV:L/AC:L/Au:N/C:N/I:N/A:N
      </span>
    </div>
  </div>
  <div
    class="c10"
  >
    <label
      class="c11"
      data-testid="formgroup-title"
    >
      Severity
    </label>
    <div
      class="c12 c13"
      data-testid="formgroup-content"
      size="10"
    >
      <div
        class="c23"
        data-testid="progressbar-box"
        title="Log"
      >
        <div
          class="c24"
          data-testid="progress"
        />
        <div
          class="c25"
        >
          0.0 (Log)
        </div>
      </div>
    </div>
  </div>
</div>
`;
