// Jest Snapshot v1, https://goo.gl/fbAQLP

exports[`Severity Values Group Tests should render 1`] = `
.c8 {
  display: -webkit-box;
  display: -webkit-flex;
  display: -ms-flexbox;
  display: flex;
  -webkit-flex-direction: row;
  -ms-flex-direction: row;
  flex-direction: row;
  -webkit-box-pack: center;
  -webkit-justify-content: center;
  -ms-flex-pack: center;
  justify-content: center;
  -webkit-align-items: center;
  -webkit-box-align: center;
  -ms-flex-align: center;
  align-items: center;
}

.c4 {
  display: -webkit-box;
  display: -webkit-flex;
  display: -ms-flexbox;
  display: flex;
  -webkit-flex-direction: row;
  -ms-flex-direction: row;
  flex-direction: row;
  -webkit-box-pack: start;
  -webkit-justify-content: start;
  -ms-flex-pack: start;
  justify-content: start;
  -webkit-align-items: center;
  -webkit-box-align: center;
  -ms-flex-align: center;
  align-items: center;
  margin-left: -5px;
}

.c4 > * {
  display: -webkit-inline-box;
  display: -webkit-inline-flex;
  display: -ms-inline-flexbox;
  display: inline-flex;
}

.c4 > * {
  margin-left: 5px;
}

.c3 {
  display: -webkit-box;
  display: -webkit-flex;
  display: -ms-flexbox;
  display: flex;
  -webkit-flex-direction: row;
  -ms-flex-direction: row;
  flex-direction: row;
  -webkit-box-pack: start;
  -webkit-justify-content: start;
  -ms-flex-pack: start;
  justify-content: start;
  -webkit-align-items: center;
  -webkit-box-align: center;
  -ms-flex-align: center;
  align-items: center;
  display: -webkit-inline-box;
  display: -webkit-inline-flex;
  display: -ms-inline-flexbox;
  display: inline-flex;
}

.c0 {
  display: -webkit-box;
  display: -webkit-flex;
  display: -ms-flexbox;
  display: flex;
  -webkit-align-items: center;
  -webkit-box-align: center;
  -ms-flex-align: center;
  align-items: center;
  -webkit-box-pack: start;
  -webkit-justify-content: start;
  -ms-flex-pack: start;
  justify-content: start;
  padding-bottom: 10px;
}

.c1 {
  display: inline-block;
  max-width: 100%;
  font-weight: bold;
  text-align: right;
  padding-left: 10px;
  padding-right: 10px;
  width: 16.66666667%;
  margin-left: 0;
}

.c2 {
  display: -webkit-box;
  display: -webkit-flex;
  display: -ms-flexbox;
  display: flex;
  -webkit-flex-direction: row;
  -ms-flex-direction: row;
  flex-direction: row;
  -webkit-box-pack: start;
  -webkit-justify-content: start;
  -ms-flex-pack: start;
  justify-content: start;
  -webkit-align-items: center;
  -webkit-box-align: center;
  -ms-flex-align: center;
  align-items: center;
  width: 83.33333333%;
  padding-left: 10px;
  padding-right: 10px;
}

.c10 {
  background-color: transparent;
  border: none;
  cursor: pointer;
  display: -webkit-box;
  display: -webkit-flex;
  display: -ms-flexbox;
  display: flex;
  -webkit-align-items: center;
  -webkit-box-align: center;
  -ms-flex-align: center;
  align-items: center;
  -webkit-box-pack: center;
  -webkit-justify-content: center;
  -ms-flex-pack: center;
  justify-content: center;
  outline: none;
  margin: 1px;
  -webkit-user-select: none;
  -moz-user-select: none;
  -ms-user-select: none;
  user-select: none;
  cursor: pointer;
}

.c9 {
  height: 16px;
  width: 16px;
  line-height: 16px;
}

.c9 * {
  height: inherit;
  width: inherit;
}

.c6 {
  border: 1px solid #aaaaaa;
  border-radius: 2px;
  display: -webkit-box;
  display: -webkit-flex;
  display: -ms-flexbox;
  display: flex;
  -webkit-flex-direction: row;
  -ms-flex-direction: row;
  flex-direction: row;
  -webkit-align-items: stretch;
  -webkit-box-align: stretch;
  -ms-flex-align: stretch;
  align-items: stretch;
  -webkit-box-flex: 1;
  -webkit-flex-grow: 1;
  -ms-flex-positive: 1;
  flex-grow: 1;
  padding: 1px 5px;
  background-color: #fff;
  color: #000;
  font-weight: normal;
}

.c5 {
  display: -webkit-box;
  display: -webkit-flex;
  display: -ms-flexbox;
  display: flex;
  -webkit-flex-direction: column;
  -ms-flex-direction: column;
  flex-direction: column;
  position: relative;
  width: 180px;
}

.c7 {
  display: -webkit-box;
  display: -webkit-flex;
  display: -ms-flexbox;
  display: flex;
  -webkit-align-items: center;
  -webkit-box-align: center;
  -ms-flex-align: center;
  align-items: center;
  -webkit-box-flex: 1;
  -webkit-flex-grow: 1;
  -ms-flex-positive: 1;
  flex-grow: 1;
  word-break: keep-all;
  white-space: nowrap;
  overflow: hidden;
  cursor: pointer;
  cursor: default;
}

<div
  class="c0"
>
  <label
    class="c1"
    data-testid="formgroup-title"
  >
    foo
  </label>
  <div
    class="c2"
    data-testid="formgroup-content"
    size="10"
  >
    <div
      class="c3"
    >
      <div
        class="c4"
        margin="5px"
      >
        <div
          class="c5"
          width="180px"
        >
          <div
            class="c6"
          >
            <div
              class="c7"
              data-testid="select-selected-value"
              title="is equal to"
            >
              is equal to
            </div>
            <div
              class="c8"
            >
              <span
                aria-expanded="false"
                aria-haspopup="true"
                aria-label="open menu"
                class="c9 c10"
                data-testid="select-open-button"
                data-toggle="true"
                role="button"
                type="button"
              >
                â–¼
              </span>
            </div>
          </div>
        </div>
        <input
          max="10"
          min="0"
          name="cvss_base"
          size="5"
          value="3"
        />
      </div>
    </div>
  </div>
</div>
`;
