// Jest Snapshot v1, https://goo.gl/fbAQLP

exports[`Entity ObserverIcon component tests should render if the owner is not the current user 1`] = `
.c1 {
  cursor: pointer;
}

.c0 {
  height: 16px;
  width: 16px;
  line-height: 16px;
}

.c0 * {
  height: inherit;
  width: inherit;
}

@media print {
  .c1 {
    display: none;
  }
}

<span
  alt="Entity owned by foo"
  class="c0 c1"
  data-testid="svg-icon"
  title="Entity owned by foo"
>
  <svg>
    view_other.svg
  </svg>
</span>
`;
