// Jest Snapshot v1, https://goo.gl/fbAQLP

exports[`Scan Config table tests should render 1`] = `
.c0 {
  display: -webkit-box;
  display: -webkit-flex;
  display: -ms-flexbox;
  display: flex;
  -webkit-flex-direction: column;
  -ms-flex-direction: column;
  flex-direction: column;
  -webkit-box-flex: 1;
  -webkit-flex-grow: 1;
  -ms-flex-positive: 1;
  flex-grow: 1;
  -webkit-box-pack: center;
  -webkit-justify-content: center;
  -ms-flex-pack: center;
  justify-content: center;
  -webkit-align-items: stretch;
  -webkit-box-align: stretch;
  -ms-flex-align: stretch;
  align-items: stretch;
}

.c2 {
  display: -webkit-box;
  display: -webkit-flex;
  display: -ms-flexbox;
  display: flex;
  -webkit-flex-direction: row;
  -ms-flex-direction: row;
  flex-direction: row;
  -webkit-box-flex: 1;
  -webkit-flex-grow: 1;
  -ms-flex-positive: 1;
  flex-grow: 1;
  -webkit-box-pack: justify;
  -webkit-justify-content: space-between;
  -ms-flex-pack: justify;
  justify-content: space-between;
}

.c6 {
  display: -webkit-box;
  display: -webkit-flex;
  display: -ms-flexbox;
  display: flex;
  -webkit-flex-direction: row;
  -ms-flex-direction: row;
  flex-direction: row;
  -webkit-box-pack: end;
  -webkit-justify-content: flex-end;
  -ms-flex-pack: end;
  justify-content: flex-end;
  -webkit-align-items: center;
  -webkit-box-align: center;
  -ms-flex-align: center;
  align-items: center;
}

.c8 {
  display: -webkit-box;
  display: -webkit-flex;
  display: -ms-flexbox;
  display: flex;
  -webkit-flex-direction: row;
  -ms-flex-direction: row;
  flex-direction: row;
  -webkit-box-pack: start;
  -webkit-justify-content: start;
  -ms-flex-pack: start;
  justify-content: start;
  -webkit-align-items: center;
  -webkit-box-align: center;
  -ms-flex-align: center;
  align-items: center;
}

.c19 {
  display: -webkit-box;
  display: -webkit-flex;
  display: -ms-flexbox;
  display: flex;
  -webkit-flex-direction: row;
  -ms-flex-direction: row;
  flex-direction: row;
  -webkit-box-pack: center;
  -webkit-justify-content: center;
  -ms-flex-pack: center;
  justify-content: center;
}

.c20 {
  display: -webkit-box;
  display: -webkit-flex;
  display: -ms-flexbox;
  display: flex;
  -webkit-flex-direction: column;
  -ms-flex-direction: column;
  flex-direction: column;
  -webkit-box-pack: center;
  -webkit-justify-content: center;
  -ms-flex-pack: center;
  justify-content: center;
  -webkit-align-items: stretch;
  -webkit-box-align: stretch;
  -ms-flex-align: stretch;
  align-items: stretch;
}

.c21 {
  display: -webkit-box;
  display: -webkit-flex;
  display: -ms-flexbox;
  display: flex;
  -webkit-flex-direction: row;
  -ms-flex-direction: row;
  flex-direction: row;
  -webkit-box-pack: justify;
  -webkit-justify-content: space-between;
  -ms-flex-pack: justify;
  justify-content: space-between;
}

.c23 {
  display: -webkit-box;
  display: -webkit-flex;
  display: -ms-flexbox;
  display: flex;
  -webkit-flex-direction: row;
  -ms-flex-direction: row;
  flex-direction: row;
  -webkit-box-flex: 1;
  -webkit-flex-grow: 1;
  -ms-flex-positive: 1;
  flex-grow: 1;
  -webkit-box-pack: start;
  -webkit-justify-content: start;
  -ms-flex-pack: start;
  justify-content: start;
  -webkit-align-items: center;
  -webkit-box-align: center;
  -ms-flex-align: center;
  align-items: center;
}

.c24 {
  display: -webkit-box;
  display: -webkit-flex;
  display: -ms-flexbox;
  display: flex;
  -webkit-flex-direction: row;
  -ms-flex-direction: row;
  flex-direction: row;
  -webkit-box-flex: 1;
  -webkit-flex-grow: 1;
  -ms-flex-positive: 1;
  flex-grow: 1;
  -webkit-box-pack: center;
  -webkit-justify-content: center;
  -ms-flex-pack: center;
  justify-content: center;
  -webkit-align-items: center;
  -webkit-box-align: center;
  -ms-flex-align: center;
  align-items: center;
}

.c29 {
  display: -webkit-box;
  display: -webkit-flex;
  display: -ms-flexbox;
  display: flex;
  -webkit-flex-direction: row;
  -ms-flex-direction: row;
  flex-direction: row;
  -webkit-box-pack: center;
  -webkit-justify-content: center;
  -ms-flex-pack: center;
  justify-content: center;
  -webkit-align-items: center;
  -webkit-box-align: center;
  -ms-flex-align: center;
  align-items: center;
}

.c10 {
  margin-left: -5px;
}

.c10 > * {
  display: -webkit-inline-box;
  display: -webkit-inline-flex;
  display: -ms-inline-flexbox;
  display: inline-flex;
}

.c10 > * {
  margin-left: 5px;
}

.c9 {
  display: -webkit-inline-box;
  display: -webkit-inline-flex;
  display: -ms-inline-flexbox;
  display: inline-flex;
}

.c3 {
  cursor: pointer;
}

.c11 svg path {
  fill: #aaaaaa;
}

.c4 {
  height: 16px;
  width: 16px;
  line-height: 16px;
}

.c4 * {
  height: inherit;
  width: inherit;
}

.c30 {
  background-color: transparent;
  border: none;
  cursor: pointer;
  display: -webkit-box;
  display: -webkit-flex;
  display: -ms-flexbox;
  display: flex;
  -webkit-align-items: center;
  -webkit-box-align: center;
  -ms-flex-align: center;
  align-items: center;
  -webkit-box-pack: center;
  -webkit-justify-content: center;
  -ms-flex-pack: center;
  justify-content: center;
  outline: none;
  margin: 1px;
  -webkit-user-select: none;
  -moz-user-select: none;
  -ms-user-select: none;
  user-select: none;
  cursor: pointer;
}

.c31 {
  height: 16px;
  width: 16px;
  line-height: 16px;
}

.c31 * {
  height: inherit;
  width: inherit;
}

.c27 {
  border: 1px solid #aaaaaa;
  border-radius: 2px;
  display: -webkit-box;
  display: -webkit-flex;
  display: -ms-flexbox;
  display: flex;
  -webkit-flex-direction: row;
  -ms-flex-direction: row;
  flex-direction: row;
  -webkit-align-items: stretch;
  -webkit-box-align: stretch;
  -ms-flex-align: stretch;
  align-items: stretch;
  -webkit-box-flex: 1;
  -webkit-flex-grow: 1;
  -ms-flex-positive: 1;
  flex-grow: 1;
  padding: 1px 5px;
  background-color: #fff;
  color: #000;
  font-weight: normal;
}

.c26 {
  display: -webkit-box;
  display: -webkit-flex;
  display: -ms-flexbox;
  display: flex;
  -webkit-flex-direction: column;
  -ms-flex-direction: column;
  flex-direction: column;
  position: relative;
  width: 180px;
}

.c32 {
  color: #a94442;
  font-weight: bold;
  font-size: 19px;
  padding-bottom: 1px;
  padding-left: 4px;
  display: none;
}

.c28 {
  display: -webkit-box;
  display: -webkit-flex;
  display: -ms-flexbox;
  display: flex;
  -webkit-align-items: center;
  -webkit-box-align: center;
  -ms-flex-align: center;
  align-items: center;
  -webkit-box-flex: 1;
  -webkit-flex-grow: 1;
  -ms-flex-positive: 1;
  flex-grow: 1;
  word-break: keep-all;
  white-space: nowrap;
  overflow: hidden;
  cursor: pointer;
  cursor: default;
}

.c25 {
  display: -webkit-box;
  display: -webkit-flex;
  display: -ms-flexbox;
  display: flex;
}

.c14 a {
  -webkit-text-decoration: none;
  text-decoration: none;
  color: #000;
}

.c14 a:hover {
  -webkit-text-decoration: underline;
  text-decoration: underline;
  color: #000;
}

.c15 {
  background-color: #fff;
  color: #000;
  border-top: 1px solid #c8d3d9;
  font-weight: bold;
  width: 72%;
}

.c16 {
  background-color: #fff;
  color: #000;
  border-top: 1px solid #c8d3d9;
  font-weight: bold;
  width: 5%;
}

.c17 {
  background-color: #fff;
  color: #000;
  border-top: 1px solid #c8d3d9;
  font-weight: bold;
  width: 10%;
}

.c18 {
  background-color: #fff;
  color: #000;
  border-top: 1px solid #c8d3d9;
  font-weight: bold;
  width: 8%;
}

.c33 {
  font-size: 10px;
  color: #787878;
  text-align: left;
}

.c12 {
  margin: 0 3px;
}

.c7 {
  margin: 2px 3px;
}

.c13 {
  border: 0;
  border-spacing: 0px;
  font-size: 12px;
  text-align: left;
  table-layout: auto;
  width: 100%;
  opacity: 1.0;
}

.c13 th,
.c13 td {
  padding: 4px 10px;
  border-bottom: 1px solid #c8d3d9;
}

.c13 tfoot tr {
  background: #fff;
}

.c13 tfoot tr td {
  border-bottom: 1px solid #c8d3d9;
}

.c5 {
  margin-top: 2px;
  margin-left: 2px;
}

.c1 {
  margin-top: 20px;
}

.c22 {
  cursor: pointer;
  -webkit-text-decoration: none;
  text-decoration: none;
  color: #0000ff;
}

.c22:hover {
  -webkit-text-decoration: underline;
  text-decoration: underline;
  color: #0000ff;
}

@media print {
  .c3 {
    display: none;
  }
}

@media print {
  .c14 {
    border-bottom: 1px solid black;
  }

  .c14 a,
  .c14 a:hover {
    -webkit-text-decoration: none;
    text-decoration: none;
    color: #000;
  }
}

@media print {
  .c15 {
    color: #000;
    font-size: 1.2em;
    background-color: none;
    font-weight: bold;
  }
}

@media print {
  .c16 {
    color: #000;
    font-size: 1.2em;
    background-color: none;
    font-weight: bold;
  }
}

@media print {
  .c17 {
    color: #000;
    font-size: 1.2em;
    background-color: none;
    font-weight: bold;
  }
}

@media print {
  .c18 {
    color: #000;
    font-size: 1.2em;
    background-color: none;
    font-weight: bold;
  }
}

@media print {
  .c7 svg {
    display: none;
  }
}

@media print {
  .c13 {
    border-collapse: collapse;
  }
}

@media screen {
  .c13 > tbody:nth-of-type(even),
  .c13 > tbody:only-of-type > tr:nth-of-type(even) {
    background: #eeeeee;
  }

  .c13 > tbody:not(:only-of-type):hover,
  .c13 > tbody:only-of-type > tr:hover {
    background: #c8d3d9;
  }
}

@media print {
  .c22 {
    color: #000;
  }
}

<body>
  <div
    id="portals"
  />
  <div>
    <div
      class="c0 c1 entities-table"
    >
      <div
        class="c2"
      >
        <span
          class="c3 c4 c5"
          data-testid="svg-icon"
          title="Unfold all details"
        >
          <svg
            title="Unfold all details"
          >
            fold.svg
          </svg>
        </span>
        <div
          class="c6 c7"
        >
          <div
            class="c8 c9"
          >
            <div
              class="c8 c10"
              margin="5px"
            >
              <span
                class="c11 c4"
                data-testid="svg-icon"
                title="First"
              >
                <svg
                  title="First"
                >
                  first.svg
                </svg>
              </span>
              <span
                class="c11 c4"
                data-testid="svg-icon"
                title="Previous"
              >
                <svg
                  title="Previous"
                >
                  previous.svg
                </svg>
              </span>
            </div>
          </div>
          <span
            class="c12"
          >
            1 - 1 of 1
          </span>
          <div
            class="c8 c9"
          >
            <div
              class="c8 c10"
              margin="5px"
            >
              <span
                class="c11 c4"
                data-testid="svg-icon"
                title="Next"
              >
                <svg
                  title="Next"
                >
                  next.svg
                </svg>
              </span>
              <span
                class="c11 c4"
                data-testid="svg-icon"
                title="Last"
              >
                <svg
                  title="Last"
                >
                  last.svg
                </svg>
              </span>
            </div>
          </div>
        </div>
      </div>
      <table
        class="c13"
      >
        <thead
          class="c14"
        >
          <tr>
            <th
              class="c15"
              rowspan="2"
            >
              <div
                class="c8"
              >
                Name
              </div>
            </th>
            <th
              class="c16"
              rowspan="2"
            >
              <div
                class="c8"
              >
                Type
              </div>
            </th>
            <th
              class="c17"
              colspan="2"
            >
              <div
                class="c8"
              >
                Family
              </div>
            </th>
            <th
              class="c17"
              colspan="2"
            >
              <div
                class="c8"
              >
                NVTs
              </div>
            </th>
            <th
              class="c18"
              rowspan="2"
            >
              <div
                class="c19"
              >
                Actions
              </div>
            </th>
          </tr>
          <tr>
            <th
              class="c16"
            >
              <div
                class="c8"
              >
                Total
              </div>
            </th>
            <th
              class="c16"
            >
              <div
                class="c8"
              >
                Trend
              </div>
            </th>
            <th
              class="c16"
            >
              <div
                class="c8"
              >
                Total
              </div>
            </th>
            <th
              class="c16"
            >
              <div
                class="c8"
              >
                Trend
              </div>
            </th>
          </tr>
        </thead>
        <tbody
          class=""
        >
          <tr>
            <td>
              <div
                class="c20"
              >
                <div
                  class="c21"
                >
                  <div
                    class="c20"
                  >
                    <span>
                      <span
                        class="c22"
                        name="12345"
                      >
                        foo
                      </span>
                    </span>
                  </div>
                </div>
                <div
                  class="comment"
                >
                  (
                  bar
                  )
                </div>
              </div>
            </td>
            <td>
              <div
                class="c20"
              >
                OpenVAS
              </div>
            </td>
            <td>
              <div
                class="c20"
              >
                2
              </div>
            </td>
            <td>
              <div
                class="c20"
              >
                <span
                  alt="Static"
                  class="c4"
                  data-testid="svg-icon"
                  title="The family selection is STATIC. New families will NOT automatically be added and considered."
                >
                  <svg
                    title="The family selection is STATIC. New families will NOT automatically be added and considered."
                  >
                    trend_nochange.svg
                  </svg>
                </span>
              </div>
            </td>
            <td>
              <div
                class="c20"
              >
                4
              </div>
            </td>
            <td>
              <div
                class="c20"
              >
                <span
                  alt="Dynamic"
                  class="c4"
                  data-testid="svg-icon"
                  title="The NVT selection is DYNAMIC. New NVTs of selected families will automatically be added and considered."
                >
                  <svg
                    title="The NVT selection is DYNAMIC. New NVTs of selected families will automatically be added and considered."
                  >
                    trend_more.svg
                  </svg>
                </span>
              </div>
            </td>
            <td>
              <div
                class="c0"
              >
                <div
                  class="c23 c9"
                >
                  <div
                    class="c24 c10"
                    margin="5px"
                  >
                    <span
                      class="c3 c4"
                      data-testid="svg-icon"
                      title="Move Scan Config to trashcan"
                    >
                      <svg
                        title="Move Scan Config to trashcan"
                      >
                        trashcan.svg
                      </svg>
                    </span>
                    <span
                      class="c3 c4"
                      data-testid="svg-icon"
                      title="Edit Scan Config"
                    >
                      <svg
                        title="Edit Scan Config"
                      >
                        edit.svg
                      </svg>
                    </span>
                    <span
                      class="c3 c4"
                      data-testid="svg-icon"
                      title="Clone Scan Config"
                    >
                      <svg
                        title="Clone Scan Config"
                      >
                        clone.svg
                      </svg>
                    </span>
                    <span
                      class="c3 c4"
                      data-testid="svg-icon"
                      title="Export Scan Config"
                    >
                      <svg
                        title="Export Scan Config"
                      >
                        export.svg
                      </svg>
                    </span>
                  </div>
                </div>
              </div>
            </td>
          </tr>
          <tr>
            <td>
              <div
                class="c20"
              >
                <div
                  class="c21"
                >
                  <div
                    class="c20"
                  >
                    <span>
                      <span
                        class="c22"
                        name="123456"
                      >
                        lorem
                      </span>
                    </span>
                  </div>
                </div>
                <div
                  class="comment"
                >
                  (
                  ipsum
                  )
                </div>
              </div>
            </td>
            <td>
              <div
                class="c20"
              >
                OpenVAS
              </div>
            </td>
            <td>
              <div
                class="c20"
              >
                3
              </div>
            </td>
            <td>
              <div
                class="c20"
              >
                <span
                  alt="Static"
                  class="c4"
                  data-testid="svg-icon"
                  title="The family selection is STATIC. New families will NOT automatically be added and considered."
                >
                  <svg
                    title="The family selection is STATIC. New families will NOT automatically be added and considered."
                  >
                    trend_nochange.svg
                  </svg>
                </span>
              </div>
            </td>
            <td>
              <div
                class="c20"
              >
                5
              </div>
            </td>
            <td>
              <div
                class="c20"
              >
                <span
                  alt="Dynamic"
                  class="c4"
                  data-testid="svg-icon"
                  title="The NVT selection is DYNAMIC. New NVTs of selected families will automatically be added and considered."
                >
                  <svg
                    title="The NVT selection is DYNAMIC. New NVTs of selected families will automatically be added and considered."
                  >
                    trend_more.svg
                  </svg>
                </span>
              </div>
            </td>
            <td>
              <div
                class="c0"
              >
                <div
                  class="c23 c9"
                >
                  <div
                    class="c24 c10"
                    margin="5px"
                  >
                    <span
                      class="c3 c4"
                      data-testid="svg-icon"
                      title="Move Scan Config to trashcan"
                    >
                      <svg
                        title="Move Scan Config to trashcan"
                      >
                        trashcan.svg
                      </svg>
                    </span>
                    <span
                      class="c3 c4"
                      data-testid="svg-icon"
                      title="Edit Scan Config"
                    >
                      <svg
                        title="Edit Scan Config"
                      >
                        edit.svg
                      </svg>
                    </span>
                    <span
                      class="c3 c4"
                      data-testid="svg-icon"
                      title="Clone Scan Config"
                    >
                      <svg
                        title="Clone Scan Config"
                      >
                        clone.svg
                      </svg>
                    </span>
                    <span
                      class="c3 c4"
                      data-testid="svg-icon"
                      title="Export Scan Config"
                    >
                      <svg
                        title="Export Scan Config"
                      >
                        export.svg
                      </svg>
                    </span>
                  </div>
                </div>
              </div>
            </td>
          </tr>
          <tr>
            <td>
              <div
                class="c20"
              >
                <div
                  class="c21"
                >
                  <div
                    class="c20"
                  >
                    <span>
                      <span
                        class="c22"
                        name="1234567"
                      >
                        hello
                      </span>
                    </span>
                  </div>
                </div>
                <div
                  class="comment"
                >
                  (
                  world
                  )
                </div>
              </div>
            </td>
            <td>
              <div
                class="c20"
              >
                OpenVAS
              </div>
            </td>
            <td>
              <div
                class="c20"
              >
                1
              </div>
            </td>
            <td>
              <div
                class="c20"
              >
                <span
                  alt="Static"
                  class="c4"
                  data-testid="svg-icon"
                  title="The family selection is STATIC. New families will NOT automatically be added and considered."
                >
                  <svg
                    title="The family selection is STATIC. New families will NOT automatically be added and considered."
                  >
                    trend_nochange.svg
                  </svg>
                </span>
              </div>
            </td>
            <td>
              <div
                class="c20"
              >
                1
              </div>
            </td>
            <td>
              <div
                class="c20"
              >
                <span
                  alt="Dynamic"
                  class="c4"
                  data-testid="svg-icon"
                  title="The NVT selection is DYNAMIC. New NVTs of selected families will automatically be added and considered."
                >
                  <svg
                    title="The NVT selection is DYNAMIC. New NVTs of selected families will automatically be added and considered."
                  >
                    trend_more.svg
                  </svg>
                </span>
              </div>
            </td>
            <td>
              <div
                class="c0"
              >
                <div
                  class="c23 c9"
                >
                  <div
                    class="c24 c10"
                    margin="5px"
                  >
                    <span
                      class="c3 c4"
                      data-testid="svg-icon"
                      title="Move Scan Config to trashcan"
                    >
                      <svg
                        title="Move Scan Config to trashcan"
                      >
                        trashcan.svg
                      </svg>
                    </span>
                    <span
                      class="c3 c4"
                      data-testid="svg-icon"
                      title="Edit Scan Config"
                    >
                      <svg
                        title="Edit Scan Config"
                      >
                        edit.svg
                      </svg>
                    </span>
                    <span
                      class="c3 c4"
                      data-testid="svg-icon"
                      title="Clone Scan Config"
                    >
                      <svg
                        title="Clone Scan Config"
                      >
                        clone.svg
                      </svg>
                    </span>
                    <span
                      class="c3 c4"
                      data-testid="svg-icon"
                      title="Export Scan Config"
                    >
                      <svg
                        title="Export Scan Config"
                      >
                        export.svg
                      </svg>
                    </span>
                  </div>
                </div>
              </div>
            </td>
          </tr>
        </tbody>
        <tfoot>
          <tr>
            <td
              colspan="7"
            >
              <div
                class="c6"
              >
                <div
                  class="c8 c9"
                >
                  <div
                    class="c8 c10"
                    margin="5px"
                  >
                    <div
                      aria-expanded="false"
                      aria-haspopup="listbox"
                      aria-labelledby="downshift-0-label"
                      class="c25"
                      role="combobox"
                    >
                      <div
                        class="c26"
                        width="180px"
                      >
                        <div
                          aria-haspopup="true"
                          aria-label="open menu"
                          class="c27"
                          data-toggle="true"
                          role="button"
                          type="button"
                        >
                          <div
                            class="c28"
                            data-testid="select-selected-value"
                          />
                          <div
                            class="c29"
                          >
                            <span
                              class="c30 c31"
                              data-testid="select-open-button"
                            >
                              ▼
                            </span>
                          </div>
                        </div>
                      </div>
                      <div
                        class="c32"
                        data-testid="error-marker"
                      >
                        ×
                      </div>
                    </div>
                    <div
                      class="c8 c9"
                    >
                      <div
                        class="c8 c10"
                        margin="5px"
                      >
                        <span
                          class="c4"
                          data-testid="svg-icon"
                        >
                          <svg>
                            tags.svg
                          </svg>
                        </span>
                        <span
                          class="c4"
                          data-testid="svg-icon"
                        >
                          <svg>
                            trashcan.svg
                          </svg>
                        </span>
                        <span
                          class="c4"
                          data-testid="svg-icon"
                        >
                          <svg>
                            export.svg
                          </svg>
                        </span>
                      </div>
                    </div>
                  </div>
                </div>
              </div>
            </td>
          </tr>
        </tfoot>
      </table>
      <div
        class="c21"
      >
        <div
          class="c8 c33"
        >
          (Applied filter: rows=2)
        </div>
        <div
          class="c6 c7"
        >
          <div
            class="c8 c9"
          >
            <div
              class="c8 c10"
              margin="5px"
            >
              <span
                class="c11 c4"
                data-testid="svg-icon"
                title="First"
              >
                <svg
                  title="First"
                >
                  first.svg
                </svg>
              </span>
              <span
                class="c11 c4"
                data-testid="svg-icon"
                title="Previous"
              >
                <svg
                  title="Previous"
                >
                  previous.svg
                </svg>
              </span>
            </div>
          </div>
          <span
            class="c12"
          >
            1 - 1 of 1
          </span>
          <div
            class="c8 c9"
          >
            <div
              class="c8 c10"
              margin="5px"
            >
              <span
                class="c11 c4"
                data-testid="svg-icon"
                title="Next"
              >
                <svg
                  title="Next"
                >
                  next.svg
                </svg>
              </span>
              <span
                class="c11 c4"
                data-testid="svg-icon"
                title="Last"
              >
                <svg
                  title="Last"
                >
                  last.svg
                </svg>
              </span>
            </div>
          </div>
        </div>
      </div>
    </div>
  </div>
</body>
`;
