// Jest Snapshot v1, https://goo.gl/fbAQLP

exports[`Scan Config Trend tests should render 1`] = `
.c0 {
  cursor: pointer;
}

.c1 {
  height: 16px;
  width: 16px;
  line-height: 16px;
}

.c1 * {
  height: inherit;
  width: inherit;
}

@media print {
  .c0 {
    display: none;
  }
}

<span
  alt="Dynamic"
  class="c0 c1"
  data-testid="svg-icon"
  title="Dynamic"
>
  <svg>
    trend_more.svg
  </svg>
</span>
`;
