// Jest Snapshot v1, https://goo.gl/fbAQLP

exports[`LoginForm tests should render full LoginForm 1`] = `
.c8 {
  display: -webkit-box;
  display: -webkit-flex;
  display: -ms-flexbox;
  display: flex;
  -webkit-flex-direction: column;
  -ms-flex-direction: column;
  flex-direction: column;
  -webkit-box-pack: center;
  -webkit-justify-content: center;
  -ms-flex-pack: center;
  justify-content: center;
  -webkit-align-items: stretch;
  -webkit-box-align: stretch;
  -ms-flex-align: stretch;
  align-items: stretch;
}

.c13 {
  display: -webkit-box;
  display: -webkit-flex;
  display: -ms-flexbox;
  display: flex;
  -webkit-flex-direction: row;
  -ms-flex-direction: row;
  flex-direction: row;
  -webkit-box-pack: center;
  -webkit-justify-content: center;
  -ms-flex-pack: center;
  justify-content: center;
  -webkit-align-items: center;
  -webkit-box-align: center;
  -ms-flex-align: center;
  align-items: center;
}

.c12 {
  display: inline-block;
  padding: 0 15px;
  color: #393637;
  text-align: center;
  vertical-align: middle;
  font-size: 11px;
  font-weight: bold;
  line-height: 30px;
  -webkit-text-decoration: none;
  text-decoration: none;
  white-space: nowrap;
  background-color: #fff;
  border-radius: 2px;
  border: 1px solid #aaaaaa;
  cursor: pointer;
  overflow: visible;
  z-index: 1;
}

.c12:focus,
.c12:hover {
  border: 1px solid #393637;
}

.c12:hover {
  -webkit-text-decoration: none;
  text-decoration: none;
  background: #66c430;
  font-weight: bold;
  color: #fff;
}

.c12[disabled] {
  cursor: not-allowed;
  opacity: 0.65;
  box-shadow: none;
}

.c12 img {
  height: 32px;
  width: 32px;
  margin-top: 5px 10px 5px -10px;
  vertical-align: middle;
}

.c12:link {
  -webkit-text-decoration: none;
  text-decoration: none;
  color: #393637;
}

.c11 {
  display: -webkit-box;
  display: -webkit-flex;
  display: -ms-flexbox;
  display: flex;
  -webkit-flex-direction: row;
  -ms-flex-direction: row;
  flex-direction: row;
  -webkit-box-pack: center;
  -webkit-justify-content: center;
  -ms-flex-pack: center;
  justify-content: center;
  -webkit-align-items: center;
  -webkit-box-align: center;
  -ms-flex-align: center;
  align-items: center;
}

.c6 {
  border: 0;
  border-spacing: 0px;
  font-size: 12px;
  text-align: left;
  table-layout: auto;
}

.c10 {
  font-family: inherit;
  font-size: inherit;
  line-height: inherit;
  display: block;
  height: 22px;
  color: #393637;
  background-color: #fff;
  background-image: none;
  border: 1px solid #aaaaaa;
  border-radius: 2px;
  padding: 1px 8px;
}

.c10:-webkit-autofill {
  box-shadow: 0 0 0 1000px white inset;
}

.c9 {
  display: -webkit-box;
  display: -webkit-flex;
  display: -ms-flexbox;
  display: flex;
  -webkit-flex-direction: row;
  -ms-flex-direction: row;
  flex-direction: row;
  -webkit-box-flex: 1;
  -webkit-flex-grow: 1;
  -ms-flex-positive: 1;
  flex-grow: 1;
  -webkit-box-pack: start;
  -webkit-justify-content: start;
  -ms-flex-pack: start;
  justify-content: start;
  -webkit-align-items: center;
  -webkit-box-align: center;
  -ms-flex-align: center;
  align-items: center;
}

.c4 {
  display: -webkit-box;
  display: -webkit-flex;
  display: -ms-flexbox;
  display: flex;
  height: 95px;
}

.c5 {
  table-layout: fixed;
}

.c1 {
  width: 300px;
  margin: 5px auto;
  padding-bottom: 10px;
  font-size: 9pt;
}

.c3 {
  display: -webkit-box;
  display: -webkit-flex;
  display: -ms-flexbox;
  display: flex;
  -webkit-flex-direction: row;
  -ms-flex-direction: row;
  flex-direction: row;
}

.c2 {
  color: #d83636;
  font-weight: bold;
  text-align: center;
  margin: 10px;
}

.c0 {
  display: -webkit-box;
  display: -webkit-flex;
  display: -ms-flexbox;
  display: flex;
  -webkit-flex-direction: column;
  -ms-flex-direction: column;
  flex-direction: column;
  border: 1px solid #c8d3d9;
  padding: 10px;
  margin-bottom: 10px;
}

.c7 {
  font-weight: bold;
  text-align: right;
  padding-right: 5px;
  table-layout: fixed;
  width: 200px;
}

@media print {
  .c6 {
    border-collapse: collapse;
  }
}

<body>
  <div
    id="portals"
  />
  <div>
    <div
      class="c0"
    >
      <div
        class="c1"
        data-testid="protocol-insecure"
      >
        <p
          class="c2"
        >
          Warning: Connection unencrypted
        </p>
        <p>
          The connection to this GSA is not encrypted, allowing anyone listening to the traffic to steal your credentials.
        </p>
        <p>
          Please configure a TLS certificate for the HTTPS service or ask your administrator to do so as soon as possible.
        </p>
      </div>
      <div
        class="c3"
      >
        <img
          alt="Greenbone Security Assistant"
          class="c4"
          src="/img/login-label.png"
        />
        <table
          class="c5 c6"
        >
          <tbody
            class=""
          >
            <tr>
              <td
                class="c7"
              >
                <div
                  class="c8"
                >
                  Username
                </div>
              </td>
              <td>
                <div
                  class="c8"
                >
                  <input
                    autocomplete="username"
                    class="c9 c10"
                    name="username"
                    placeholder="e.g. johndoe"
                    tabindex="1"
                    type="text"
                    value=""
                  />
                </div>
              </td>
            </tr>
            <tr>
              <td
                class="c7"
              >
                <div
                  class="c8"
                >
                  Password
                </div>
              </td>
              <td>
                <div
                  class="c8"
                >
                  <input
                    autocomplete="current-password"
                    class="c9 c10"
                    name="password"
                    placeholder="Password"
                    type="password"
                    value=""
                  />
                </div>
              </td>
            </tr>
            <tr>
              <td>
                <div
                  class="c8"
                />
              </td>
              <td>
                <div
                  class="c8"
                >
                  <button
                    class="c11 c12"
                    data-testid="login-button"
                    title="Login"
                  >
                    Login
                  </button>
                </div>
              </td>
            </tr>
          </tbody>
        </table>
      </div>
      <div
        class="c1"
      >
        <p
          class="c2"
          data-testid="error"
        >
          An Error Occurred
        </p>
      </div>
    </div>
    <div
      class="c0"
      data-testid="guest-login"
    >
      <div
        class="c3"
      >
        <div
          class="c13"
        >
          <button
            class="c11 c12"
            data-testid="guest-login-button"
            title="Login as Guest"
          >
            Login as Guest
          </button>
        </div>
      </div>
    </div>
  </div>
</body>
`;
