// Jest Snapshot v1, https://goo.gl/fbAQLP

exports[`UserLink tests should apply styling 1`] = `
.c0 {
  display: -webkit-inline-box;
  display: -webkit-inline-flex;
  display: -ms-inline-flexbox;
  display: inline-flex;
  color: #393637;
  cursor: pointer;
  font-weight: bold;
}

.c0:link,
.c0:hover,
.c0:active,
.c0:visited {
  color: #393637;
}

<a
  class="c0"
  href="/usersettings"
  title="Your session will end at Wed, Oct 10, 2018 12:00 AM"
>
  foo
</a>
`;
