// Jest Snapshot v1, https://goo.gl/fbAQLP

exports[`UserMenu component tests should render UserMenu 1`] = `
.c9 {
  display: -webkit-box;
  display: -webkit-flex;
  display: -ms-flexbox;
  display: flex;
  -webkit-flex-direction: row;
  -ms-flex-direction: row;
  flex-direction: row;
  -webkit-box-pack: start;
  -webkit-justify-content: start;
  -ms-flex-pack: start;
  justify-content: start;
  -webkit-align-items: center;
  -webkit-box-align: center;
  -ms-flex-align: center;
  align-items: center;
  margin-left: -5px;
}

.c9 > * {
  display: -webkit-inline-box;
  display: -webkit-inline-flex;
  display: -ms-inline-flexbox;
  display: inline-flex;
}

.c9 > * {
  margin-left: 5px;
}

.c8 {
  display: -webkit-box;
  display: -webkit-flex;
  display: -ms-flexbox;
  display: flex;
  -webkit-flex-direction: row;
  -ms-flex-direction: row;
  flex-direction: row;
  -webkit-box-pack: start;
  -webkit-justify-content: start;
  -ms-flex-pack: start;
  justify-content: start;
  -webkit-align-items: center;
  -webkit-box-align: center;
  -ms-flex-align: center;
  align-items: center;
  display: -webkit-inline-box;
  display: -webkit-inline-flex;
  display: -ms-inline-flexbox;
  display: inline-flex;
}

.c2 {
  cursor: pointer;
}

.c3 {
  height: 24px;
  width: 24px;
  line-height: 24px;
}

.c3 * {
  height: inherit;
  width: inherit;
}

.c10 {
  height: 16px;
  width: 16px;
  line-height: 16px;
}

.c10 * {
  height: inherit;
  width: inherit;
}

.c1 {
  display: -webkit-inline-box;
  display: -webkit-inline-flex;
  display: -ms-inline-flexbox;
  display: inline-flex;
  -webkit-flex-direction: column;
  -ms-flex-direction: column;
  flex-direction: column;
}

.c5 {
  position: relative;
  display: none;
  -webkit-animation: iKjwYD 0.1s ease-in;
  animation: iKjwYD 0.1s ease-in;
}

.c0:hover .c5 {
  display: block;
}

.c6 {
  position: absolute;
  margin: 0;
  padding: 0;
  right: 0;
  top: 0;
  z-index: 600;
  list-style: none;
  font-size: 10px;
  width: 255px;
}

.c7 {
  height: 30px;
  width: 255px;
  border-left: 1px solid #787878;
  border-right: 1px solid #787878;
  display: -webkit-box;
  display: -webkit-flex;
  display: -ms-flexbox;
  display: flex;
  -webkit-align-items: center;
  -webkit-box-align: center;
  -ms-flex-align: center;
  align-items: center;
  background-color: #fff;
  padding-left: 12px;
}

.c7:hover {
  background: #66c430;
  color: #fff;
  cursor: pointer;
}

.c7:first-child {
  border-top: 1px solid #787878;
  cursor: default;
  background-color: #eeeeee;
}

.c7:first-child:hover {
  color: #000;
}

.c7:nth-child(2) {
  cursor: default;
  background-color: #eeeeee;
}

.c7:nth-child(2):hover {
  color: #000;
}

.c7:last-child {
  border-top: 1px solid #787878;
  border-bottom: 1px solid #787878;
}

.c4 {
  margin-right: 10px;
}

.c11 {
  display: -webkit-inline-box;
  display: -webkit-inline-flex;
  display: -ms-inline-flexbox;
  display: inline-flex;
  width: 100%;
  height: 100%;
}

.c11:link,
.c11:hover,
.c11:active,
.c11:visited,
.c11:hover {
  color: inherit;
  -webkit-text-decoration: none;
  text-decoration: none;
}

@media print {
  .c2 {
    display: none;
  }
}

<span
  class="c0 c1"
  data-testid="usermenu"
>
  <span
    class="c2 c3 c4"
    data-testid="svg-icon"
  >
    <svg>
      user.svg
    </svg>
  </span>
  <div
    class="c5"
  >
    <ul
      class="c6"
    >
      <li
        class="c7"
        title="Logged in as: "
      >
        <div
          class="c8"
        >
          <div
            class="c9"
            margin="5px"
          >
            <span
              class="c2 c10"
              data-testid="svg-icon"
            >
              <svg>
                user.svg
              </svg>
            </span>
            <span />
          </div>
        </div>
      </li>
      <li
        class="c7"
      >
        <div
          class="c8"
        >
          <div
            class="c9"
            margin="5px"
          >
            <span
              class="c2 c10"
              data-testid="svg-icon"
            >
              <svg>
                schedule.svg
              </svg>
            </span>
            <span>
              Session timeout: 
            </span>
          </div>
        </div>
      </li>
      <li
        class="c7"
      >
        <a
          class="c11"
          data-testid="usermenu-settings"
          href="/usersettings"
        >
          <div
            class="c8"
          >
            <div
              class="c9"
              margin="5px"
            >
              <span
                class="c2 c10"
                data-testid="svg-icon"
              >
                <svg>
                  my_setting.svg
                </svg>
              </span>
              <span>
                My Settings
              </span>
            </div>
          </div>
        </a>
      </li>
      <li
        class="c7"
        data-testid="usermenu-logout"
      >
        <div
          class="c8"
        >
          <div
            class="c9"
            margin="5px"
          >
            <span
              class="c2 c10"
              data-testid="svg-icon"
            >
              <svg>
                logout.svg
              </svg>
            </span>
            <span>
              Log Out
            </span>
          </div>
        </div>
      </li>
    </ul>
  </div>
</span>
`;
